<img class="hots_dialog__hero-icon" src="http://i2.ruliweb.com/img/18/06/14/163fc227a1919dc2c.png" data-hero-id="gazlowe" alt="가즈로 (근접)" title="가즈로 (근접)">
<img class="hots_dialog__hero-icon" src="http://i3.ruliweb.com/img/18/06/14/163fc0e215b19dc2c.png" data-hero-id="rexxar" alt="렉사르 (원거리)" title="렉사르 (원거리)">
<img class="hots_dialog__hero-icon" src="http://i2.ruliweb.com/img/18/06/14/163fc227f7919dc2c.png" data-hero-id="fenix" alt="피닉스 (원거리)" title="피닉스 (원거리)">
