<li class="hots-talentset__group"><span class="hots-talentset__group-title">1레벨</span>
  <div class="hots-talent-icon-wrapper" aria-label="추가 TNT&#xa;(능력 강화 (E) - 레벨 1)&#xA;터진다늄 폭탄 공격력 증가" data-microtip-position="top" role="tooltip">
    <img class="hots-talent-icon" src="http://i3.ruliweb.com/img/18/07/02/1645956af9a19dc2c.png" alt="추가 TNT (능력 강화 (E) - 레벨 1)" data-hero-id="Tinker" data-is-ptr="" data-talent-level="1" data-talent-index="0">
  </div>
  <div class="hots-talent-icon-wrapper" aria-label="고철공장공장장&#xa;(능력 강화 (고유 능력) - 레벨 1)&#xA;고물상 마나 회복량 증가" data-microtip-position="top" role="tooltip">
    <img class="hots-talent-icon" src="http://i3.ruliweb.com/img/18/07/02/1645956a7cb19dc2c.png" alt="고철공장공장장 (능력 강화 (고유 능력) - 레벨 1)" data-hero-id="Tinker" data-is-ptr="" data-talent-level="1" data-talent-index="1">
  </div>
  <div class="hots-talent-icon-wrapper" aria-label="박! 살!&#xa;(능력 강화 (고유 능력) - 레벨 1)&#xA;고물상 재사용 대기시간 감소량 증가" data-microtip-position="top" role="tooltip">
    <img class="hots-talent-icon" src="http://i1.ruliweb.com/img/18/07/02/1645956abae19dc2c.png" alt="박! 살! (능력 강화 (고유 능력) - 레벨 1)" data-hero-id="Tinker" data-is-ptr="" data-talent-level="1" data-talent-index="2">
  </div>
  <div class="hots-talent-icon-wrapper" aria-label="고블린 수리법&#xa;(지속 효과 - 레벨 1)&#xA;퀘스트: 재생의 구슬 획득 시 생명력 재생량 증가" data-microtip-position="top" role="tooltip">
    <img class="hots-talent-icon" src="http://i1.ruliweb.com/img/18/07/02/16459530fdd19dc2c.png" alt="고블린 수리법 (지속 효과 - 레벨 1)" data-hero-id="Tinker" data-is-ptr="" data-talent-level="1" data-talent-index="3">
  </div>
  <div class="hots-talentset__group-buttonset">
    <input type="button" class="hots-talentset__group-add-all" data-hero-id="Tinker" data-is-ptr="" data-talent-level="1" value="모두 넣기">
  </div>
</li>
<li class="hots-talentset__group"><span class="hots-talentset__group-title">4레벨</span>
  <div class="hots-talent-icon-wrapper" aria-label="태엽장치 증기 주먹&#xa;(능력 강화 (Q) - 레벨 4)&#xA;퀘스트: 일반 공격 시 잘나가! 포탑 지속 시간 증가" data-microtip-position="top" role="tooltip">
    <img class="hots-talent-icon" src="http://i2.ruliweb.com/img/18/07/02/1645956a00919dc2c.png" alt="태엽장치 증기 주먹 (능력 강화 (Q) - 레벨 4)" data-hero-id="Tinker" data-is-ptr="" data-talent-level="4" data-talent-index="0">
  </div>
  <div class="hots-talent-icon-wrapper" aria-label="아크 반응로&#xa;(능력 강화 (E) - 레벨 4)&#xA;터진다늄 폭탄 재사용 대기시간 감소 및 잘나가! 포탑 충전" data-microtip-position="top" role="tooltip">
    <img class="hots-talent-icon" src="http://i3.ruliweb.com/img/18/07/02/1645956af9a19dc2c.png" alt="아크 반응로 (능력 강화 (E) - 레벨 4)" data-hero-id="Tinker" data-is-ptr="" data-talent-level="4" data-talent-index="1">
  </div>
  <div class="hots-talent-icon-wrapper" aria-label="죽은 적도 다시 보기&#xa;(능력 강화 (고유 능력) - 레벨 4)&#xA;적 돌격병이 일정 확률로 고철을 떨어트림" data-microtip-position="top" role="tooltip">
    <img class="hots-talent-icon" src="http://i3.ruliweb.com/img/18/07/02/1645956a7cb19dc2c.png" alt="죽은 적도 다시 보기 (능력 강화 (고유 능력) - 레벨 4)" data-hero-id="Tinker" data-is-ptr="" data-talent-level="4" data-talent-index="2">
  </div>
  <div class="hots-talent-icon-wrapper" aria-label="고용된 떡대들&#xa;(지속 효과 - 레벨 4)&#xA;주위 용병 강화 및 용병 상대 포탑 방어력 증가" data-microtip-position="top" role="tooltip">
    <img class="hots-talent-icon" src="http://i1.ruliweb.com/img/18/07/02/16459530ced19dc2c.png" alt="고용된 떡대들 (지속 효과 - 레벨 4)" data-hero-id="Tinker" data-is-ptr="" data-talent-level="4" data-talent-index="3">
  </div>
  <div class="hots-talentset__group-buttonset">
    <input type="button" class="hots-talentset__group-add-all" data-hero-id="Tinker" data-is-ptr="" data-talent-level="4" value="모두 넣기">
  </div>
</li>
<li class="hots-talentset__group"><span class="hots-talentset__group-title">7레벨</span>
  <div class="hots-talent-icon-wrapper" aria-label="완전 잘나가! 포탑&#xa;(능력 강화 (Q) - 레벨 7)&#xA;잘나가! 포탑이 여러 대상 공격" data-microtip-position="top" role="tooltip">
    <img class="hots-talent-icon" src="http://i2.ruliweb.com/img/18/07/02/1645956a00919dc2c.png" alt="완전 잘나가! 포탑 (능력 강화 (Q) - 레벨 7)" data-hero-id="Tinker" data-is-ptr="" data-talent-level="7" data-talent-index="0">
  </div>
  <div class="hots-talent-icon-wrapper" aria-label="기름 찌꺼기&#xa;(능력 강화 (Q) - 레벨 7)&#xA;잘나가! 포탑이 적들을 느려지게 함" data-microtip-position="top" role="tooltip">
    <img class="hots-talent-icon" src="http://i2.ruliweb.com/img/18/07/02/1645956a40719dc2c.png" alt="기름 찌꺼기 (능력 강화 (Q) - 레벨 7)" data-hero-id="Tinker" data-is-ptr="" data-talent-level="7" data-talent-index="1">
  </div>
  <div class="hots-talent-icon-wrapper" aria-label="과집중 코일&#xa;(능력 강화 (W) - 레벨 7)&#xA;죽이는 레이저 충전 속도 증가" data-microtip-position="top" role="tooltip">
    <img class="hots-talent-icon" src="http://i3.ruliweb.com/img/18/07/02/1645956889519dc2c.png" alt="과집중 코일 (능력 강화 (W) - 레벨 7)" data-hero-id="Tinker" data-is-ptr="" data-talent-level="7" data-talent-index="2">
  </div>
  <div class="hots-talentset__group-buttonset">
    <input type="button" class="hots-talentset__group-add-all" data-hero-id="Tinker" data-is-ptr="" data-talent-level="7" value="모두 넣기">
  </div>
</li>
<li class="hots-talentset__group"><span class="hots-talentset__group-title">10레벨</span>
  <div class="hots-talent-icon-wrapper" aria-label="로보고블린&#xa;(R - 레벨 10)&#xA;일반 공격력, 방어력, 이동 속도 증가" data-microtip-position="top" role="tooltip">
    <img class="hots-talent-icon" src="http://i2.ruliweb.com/img/18/07/02/16459569c9519dc2c.png" alt="로보고블린 (R - 레벨 10)" data-hero-id="Tinker" data-is-ptr="" data-talent-level="10" data-talent-index="0">
  </div>
  <div class="hots-talent-icon-wrapper" aria-label="중력폭탄 3000&#xa;(R - 레벨 10)&#xA;적들을 끌어당기며 피해를 줌" data-microtip-position="top" role="tooltip">
    <img class="hots-talent-icon" src="http://i3.ruliweb.com/img/18/07/02/1645956906119dc2c.png" alt="중력폭탄 3000 (R - 레벨 10)" data-hero-id="Tinker" data-is-ptr="" data-talent-level="10" data-talent-index="1">
  </div>
  <div class="hots-talentset__group-buttonset">
    <input type="button" class="hots-talentset__group-add-all" data-hero-id="Tinker" data-is-ptr="" data-talent-level="10" value="모두 넣기">
  </div>
</li>
<li class="hots-talentset__group"><span class="hots-talentset__group-title">13레벨</span>
  <div class="hots-talent-icon-wrapper" aria-label="E-848 차원 절단기&#xa;(능력 강화 (W) - 레벨 13)&#xA;죽이는 레이저가 적 무력화" data-microtip-position="top" role="tooltip">
    <img class="hots-talent-icon" src="http://i3.ruliweb.com/img/18/07/02/1645956889519dc2c.png" alt="E-848 차원 절단기 (능력 강화 (W) - 레벨 13)" data-hero-id="Tinker" data-is-ptr="" data-talent-level="13" data-talent-index="0">
  </div>
  <div class="hots-talent-icon-wrapper" aria-label="고블린 핵융합&#xa;(능력 강화 (W) - 레벨 13)&#xA;죽이는 레이저 공격력 증가" data-microtip-position="top" role="tooltip">
    <img class="hots-talent-icon" src="http://i3.ruliweb.com/img/18/07/02/16459568c7519dc2c.png" alt="고블린 핵융합 (능력 강화 (W) - 레벨 13)" data-hero-id="Tinker" data-is-ptr="" data-talent-level="13" data-talent-index="1">
  </div>
  <div class="hots-talent-icon-wrapper" aria-label="특대형 폭탄&#xa;(능력 강화 (E) - 레벨 13)&#xA;기절 또는 이동 불가 시 터진다늄 폭탄 시전" data-microtip-position="top" role="tooltip">
    <img class="hots-talent-icon" src="http://i3.ruliweb.com/img/18/07/02/1645956af9a19dc2c.png" alt="특대형 폭탄 (능력 강화 (E) - 레벨 13)" data-hero-id="Tinker" data-is-ptr="" data-talent-level="13" data-talent-index="2">
  </div>
  <div class="hots-talentset__group-buttonset">
    <input type="button" class="hots-talentset__group-add-all" data-hero-id="Tinker" data-is-ptr="" data-talent-level="13" value="모두 넣기">
  </div>
</li>
<li class="hots-talentset__group"><span class="hots-talentset__group-title">16레벨</span>
  <div class="hots-talent-icon-wrapper" aria-label="포탑 비축&#xa;(능력 강화 (Q) - 레벨 16)&#xA;잘나가! 포탑 충전 개수 증가" data-microtip-position="top" role="tooltip">
    <img class="hots-talent-icon" src="http://i2.ruliweb.com/img/18/07/02/1645956a00919dc2c.png" alt="포탑 비축 (능력 강화 (Q) - 레벨 16)" data-hero-id="Tinker" data-is-ptr="" data-talent-level="16" data-talent-index="0">
  </div>
  <div class="hots-talent-icon-wrapper" aria-label="완벽한 설계도&#xa;(능력 강화 (Q) - 레벨 16)&#xA;잘나가! 포탑 사거리 증가" data-microtip-position="top" role="tooltip">
    <img class="hots-talent-icon" src="http://i2.ruliweb.com/img/18/07/02/1645956a40719dc2c.png" alt="완벽한 설계도 (능력 강화 (Q) - 레벨 16)" data-hero-id="Tinker" data-is-ptr="" data-talent-level="16" data-talent-index="1">
  </div>
  <div class="hots-talent-icon-wrapper" aria-label="번갯불에 폭탄 구워먹기&#xa;(능력 강화 (E) - 레벨 16)&#xA;터진다늄 폭탄 2회 충전 가능" data-microtip-position="top" role="tooltip">
    <img class="hots-talent-icon" src="http://i3.ruliweb.com/img/18/07/02/1645956af9a19dc2c.png" alt="번갯불에 폭탄 구워먹기 (능력 강화 (E) - 레벨 16)" data-hero-id="Tinker" data-is-ptr="" data-talent-level="16" data-talent-index="2">
  </div>
  <div class="hots-talentset__group-buttonset">
    <input type="button" class="hots-talentset__group-add-all" data-hero-id="Tinker" data-is-ptr="" data-talent-level="16" value="모두 넣기">
  </div>
</li>
<li class="hots-talentset__group"><span class="hots-talentset__group-title">20레벨</span>
  <div class="hots-talent-icon-wrapper" aria-label="기계왕&#xa;(능력 강화 (R) - 레벨 20)&#xA;일반 공격력 및 방어력 증가" data-microtip-position="top" role="tooltip">
    <img class="hots-talent-icon" src="http://i2.ruliweb.com/img/18/07/02/16459569c9519dc2c.png" alt="기계왕 (능력 강화 (R) - 레벨 20)" data-hero-id="Tinker" data-is-ptr="" data-talent-level="20" data-talent-index="0">
  </div>
  <div class="hots-talent-icon-wrapper" aria-label="휴대용 블랙홀&#xa;(능력 강화 (R) - 레벨 20)&#xA;중력폭탄 반경 및 공격력 증가" data-microtip-position="top" role="tooltip">
    <img class="hots-talent-icon" src="http://i3.ruliweb.com/img/18/07/02/1645956906119dc2c.png" alt="휴대용 블랙홀 (능력 강화 (R) - 레벨 20)" data-hero-id="Tinker" data-is-ptr="" data-talent-level="20" data-talent-index="1">
  </div>
  <div class="hots-talent-icon-wrapper" aria-label="잘나가고 죽이는 레이저&#xa;(능력 강화 (W) - 레벨 20)&#xA;잘나가! 포탑이 죽이는 레이저 발사" data-microtip-position="top" role="tooltip">
    <img class="hots-talent-icon" src="http://i3.ruliweb.com/img/18/07/02/1645956889519dc2c.png" alt="잘나가고 죽이는 레이저 (능력 강화 (W) - 레벨 20)" data-hero-id="Tinker" data-is-ptr="" data-talent-level="20" data-talent-index="2">
  </div>
  <div class="hots-talent-icon-wrapper" aria-label="하늘에서 고철이 비처럼 내려와&#xa;(사용 효과 - 레벨 20)&#xA;사용 시 고철 생성" data-microtip-position="top" role="tooltip">
    <img class="hots-talent-icon" src="http://i1.ruliweb.com/img/18/07/02/1645956944819dc2c.png" alt="하늘에서 고철이 비처럼 내려와 (사용 효과 - 레벨 20)" data-hero-id="Tinker" data-is-ptr="" data-talent-level="20" data-talent-index="3">
  </div>
  <div class="hots-talentset__group-buttonset">
    <input type="button" class="hots-talentset__group-add-all" data-hero-id="Tinker" data-is-ptr="" data-talent-level="20" value="모두 넣기">
  </div>
</li>
