<div class="hots-current-hero-icon-wrapper" aria-label="가즈로 (근접 전문가)" data-microtip-position="top" role="tooltip">
  <img class="hots-current-hero-icon" src="http://i2.ruliweb.com/img/18/06/14/163fc227a1919dc2c.png" data-hero-id="gazlowe" data-is-ptr="" alt="가즈로 (근접 전문가)">
</div>
<div class="hots-skill-icon-wrapper" aria-label="고유 능력 - 고물상 (Salvager)" data-microtip-position="top" role="tooltip">
  <img class="hots-skill-icon" src="http://i3.ruliweb.com/img/18/07/02/1645956a7cb19dc2c.png" alt="고유 능력 - 고물상 (Salvager)" data-hero-id="gazlowe" data-is-ptr="" data-skill-index="0">
</div>
<div class="hots-skill-icon-wrapper" aria-label="Q - 잘나가! 포탑 (Rock-It! Turret)" data-microtip-position="top" role="tooltip">
  <img class="hots-skill-icon" src="http://i2.ruliweb.com/img/18/07/02/1645956a00919dc2c.png" alt="Q - 잘나가! 포탑 (Rock-It! Turret)" data-hero-id="gazlowe" data-is-ptr="" data-skill-index="1">
</div>
<div class="hots-skill-icon-wrapper" aria-label="1 - 집중 포화! (Focus Turrets!)" data-microtip-position="top" role="tooltip">
  <img class="hots-skill-icon" src="http://i2.ruliweb.com/img/18/07/02/1645956a40719dc2c.png" alt="1 - 집중 포화! (Focus Turrets!)" data-hero-id="gazlowe" data-is-ptr="" data-skill-index="2">
</div>
<div class="hots-skill-icon-wrapper" aria-label="W - 죽이는 레이저 (Deth Lazor)" data-microtip-position="top" role="tooltip">
  <img class="hots-skill-icon" src="http://i3.ruliweb.com/img/18/07/02/1645956889519dc2c.png" alt="W - 죽이는 레이저 (Deth Lazor)" data-hero-id="gazlowe" data-is-ptr="" data-skill-index="3">
</div>
<div class="hots-skill-icon-wrapper" aria-label="E - 터진다늄 폭탄 (Xplodium Charge)" data-microtip-position="top" role="tooltip">
  <img class="hots-skill-icon" src="http://i3.ruliweb.com/img/18/07/02/1645956af9a19dc2c.png" alt="E - 터진다늄 폭탄 (Xplodium Charge)" data-hero-id="gazlowe" data-is-ptr="" data-skill-index="4">
</div>
