<table style="WIDTH: 100%; border: 2px solid #8955dd; background-color: #1a0a33; color: #f2fee7; font-family: sans-serif">
  <tr style="background-color: #170723">
    <td rowspan="2" style="padding: .5em; border: 1px solid #8955dd; WIDTH: 64px; vertical-align: top; background-color: #411980">
      <img style="WIDTH: 100%" src="http://i2.ruliweb.com/img/18/07/02/164595f27fe19dc2c.png" alt="E - 야수 치유 (Mend pet)" title="E - 야수 치유 (Mend pet)">
    </td>
    <td style="padding: .5em; border: 1px solid #8955dd; text-align: center">
      <b style="color: #eebbff">야수 치유 (Mend pet)</b>
    </td>
    <td style="padding: .5em; border: 1px solid #8955dd; text-align: center; WIDTH: 30%">
      <b style="color: #eebbff">E</b>
    </td>
  </tr>
  <tr>
    <td colspan="2" style="padding: .5em; border: 1px solid #8955dd">
      미샤의 생명력을 5초에 걸쳐 743(+4%) 회복시킵니다.
      <div style="text-align: right; font-size: .75em; font-style: italic; color: #ccccaa">패치 34.1</div>
    </td>
  </tr>
</table>