<table style="WIDTH: 100%; border: 2px solid #8955dd; background-color: #1a0a33; color: #f2fee7">
  <tr style="background-color: #170723">
    <td rowspan="2" style="padding: .5em; border: 1px solid #8955dd; WIDTH: 64px; vertical-align: top; background-color: #411980">
      <img style="WIDTH: 100%" src="http://i2.ruliweb.com/img/18/07/02/164595f298219dc2c.png" alt="W - 미샤, 돌진! (Misha, Charge!)" title="W - 미샤, 돌진! (Misha, Charge!)">
    </td>
    <td style="padding: .5em; border: 1px solid #8955dd; text-align: center">
      <b style="color: #eebbff">미샤, 돌진! (Misha, Charge!)</b>
    </td>
    <td style="padding: .5em; border: 1px solid #8955dd; text-align: center; WIDTH: 30%">
      <b style="color: #eebbff">W</b>
    </td>
  </tr>
  <tr>
    <td colspan="2" style="padding: .5em; border: 1px solid #8955dd">
      미샤가 일직선상으로 돌진해서 적들에게 61(+4%)의 피해를 주고 1.25초 동안 기절시킵니다.
    </td>
  </tr>
</table>