<table style="WIDTH: 100%; border: 2px solid #8955dd; background-color: #1a0a33; color: #f2fee7">
  <tr style="background-color: #170723">
    <td rowspan="2" style="padding: .5em; border: 1px solid #8955dd; WIDTH: 64px; vertical-align: top; background-color: #411980">
      <img style="WIDTH: 100%" src="http://i1.ruliweb.com/img/18/07/02/164595f2c2019dc2c.png" alt="능력 강화 (Q) - 매의 상 (Aspect of the Hawk)" title="능력 강화 (Q) - 매의 상 (Aspect of the Hawk)">
    </td>
    <td style="padding: .5em; border: 1px solid #8955dd; text-align: center">
      <b style="color: #eebbff">매의 상 (Aspect of the Hawk)</b>
    </td>
    <td style="padding: .5em; border: 1px solid #8955dd; text-align: center; WIDTH: 30%">
      <b style="color: #eebbff">능력 강화 (Q)</b>
    </td>
  </tr>
  <tr>
    <td colspan="2" style="padding: .5em; border: 1px solid #8955dd">
      기백 날리기가 적 영웅에게 적중하면 공격 속도가 3초 동안 125% 증가합니다. 미샤가 일반 공격을 할 때마다 이 효과의 지속 시간이 0.75초 증가합니다.
    </td>
  </tr>
</table>