<details data-ruliweb-hots-version="0.4.0" class="ruliweb-hots-hero-table" style="display: inline-block; max-WIDTH: 100%; box-sizing: border-box; font-family: sans-serif; border: 2px solid #47a; background: #135; color: #ffd">
  <summary style="float: left; padding: .5em; WIDTH: 64px; HEIGHT: 64px; background: url(http:&#x2F;&#x2F;i2.ruliweb.com&#x2F;img&#x2F;18&#x2F;06&#x2F;14&#x2F;163fc227a1919dc2c.png) center/64px no-repeat" title="[클릭하여 접기/펼치기] 가즈로 - 근접 전문가"></summary>
  <div style="float: left; display: flex; flex-flow: column; WIDTH: 50em; max-WIDTH: calc(100% - 64px - 1em); min-HEIGHT: calc(64px + 1em)">
    <div style="display: flex; flex-wrap: wrap; font-weight: bold; text-align: center; background: #011; color: #add">
      <div style="padding: .5em; flex: 2 14em; border: solid #47a; border-WIDTH: 0 0 1px 1px">가즈로</div>
      <div style="padding: .5em; flex: 1 7em; border: solid #47a; border-WIDTH: 0 0 1px 1px">근접 전문가</div>
    </div>
    <div style="flex: 1; padding: .5em; text-align: left; color: #efe; border-left: 1px solid #47a; background: #134">
      <img style="WIDTH: 48px; margin: 0 .25em" src="http://i3.ruliweb.com/img/18/07/02/1645956a7cb19dc2c.png" alt="고유 능력 - 고물상 (Salvager)" title="고유 능력 - 고물상 (Salvager)">
      <img style="WIDTH: 48px; margin: 0 .25em" src="http://i2.ruliweb.com/img/18/07/02/1645956a00919dc2c.png" alt="Q - 잘나가! 포탑 (Rock-It! Turret)" title="Q - 잘나가! 포탑 (Rock-It! Turret)">
      <img style="WIDTH: 48px; margin: 0 .25em" src="http://i2.ruliweb.com/img/18/07/02/1645956a40719dc2c.png" alt="1 - 집중 포화! (Focus Turrets!)" title="1 - 집중 포화! (Focus Turrets!)">
      <img style="WIDTH: 48px; margin: 0 .25em" src="http://i3.ruliweb.com/img/18/07/02/1645956889519dc2c.png" alt="W - 죽이는 레이저 (Deth Lazor)" title="W - 죽이는 레이저 (Deth Lazor)">
      <img style="WIDTH: 48px; margin: 0 .25em" src="http://i3.ruliweb.com/img/18/07/02/1645956af9a19dc2c.png" alt="E - 터진다늄 폭탄 (Xplodium Charge)" title="E - 터진다늄 폭탄 (Xplodium Charge)">

    </div>
  </div>
</details><details data-ruliweb-hots-version="0.4.0" class="ruliweb-hots-hero-table" style="display: inline-block; max-WIDTH: 100%; box-sizing: border-box; font-family: sans-serif; border: 2px solid #47a; background: #135; color: #ffd">
  <summary style="float: left; padding: .5em; WIDTH: 64px; HEIGHT: 64px; background: url(http:&#x2F;&#x2F;i3.ruliweb.com&#x2F;img&#x2F;18&#x2F;06&#x2F;14&#x2F;163fc0e215b19dc2c.png) center/64px no-repeat" title="[클릭하여 접기/펼치기] 렉사르 - 원거리 전사"></summary>
  <div style="float: left; display: flex; flex-flow: column; WIDTH: 50em; max-WIDTH: calc(100% - 64px - 1em); min-HEIGHT: calc(64px + 1em)">
    <div style="display: flex; flex-wrap: wrap; font-weight: bold; text-align: center; background: #011; color: #add">
      <div style="padding: .5em; flex: 2 14em; border: solid #47a; border-WIDTH: 0 0 1px 1px">렉사르</div>
      <div style="padding: .5em; flex: 1 7em; border: solid #47a; border-WIDTH: 0 0 1px 1px">원거리 전사</div>
    </div>
    <div style="flex: 1; padding: .5em; text-align: left; color: #efe; border-left: 1px solid #47a; background: #134">
      <img style="WIDTH: 48px; margin: 0 .25em" src="파일:rexxar_mishaFocus.png" alt="고유능력 - 미샤, 집중해! (Misha, Focus!)" title="고유능력 - 미샤, 집중해! (Misha, Focus!)">
      <img style="WIDTH: 48px; margin: 0 .25em" src="http://i1.ruliweb.com/img/18/07/02/164595f2c2019dc2c.png" alt="Q - 기백 날리기 (Spirit Swoop)" title="Q - 기백 날리기 (Spirit Swoop)">
      <img style="WIDTH: 48px; margin: 0 .25em" src="http://i2.ruliweb.com/img/18/07/02/164595f298219dc2c.png" alt="W - 미샤, 돌진! (Misha, Charge!)" title="W - 미샤, 돌진! (Misha, Charge!)">
      <img style="WIDTH: 48px; margin: 0 .25em" src="http://i2.ruliweb.com/img/18/07/02/164595f27fe19dc2c.png" alt="E - 야수 치유 (Mend pet)" title="E - 야수 치유 (Mend pet)">

    </div>
  </div>
</details><details data-ruliweb-hots-version="0.4.0" class="ruliweb-hots-hero-table" style="display: inline-block; max-WIDTH: 100%; box-sizing: border-box; font-family: sans-serif; border: 2px solid #47a; background: #135; color: #ffd">
  <summary style="float: left; padding: .5em; WIDTH: 64px; HEIGHT: 64px; background: url(http:&#x2F;&#x2F;i2.ruliweb.com&#x2F;img&#x2F;18&#x2F;06&#x2F;14&#x2F;163fc227f7919dc2c.png) center/64px no-repeat" title="[클릭하여 접기/펼치기] 피닉스 - 원거리 암살자"></summary>
  <div style="float: left; display: flex; flex-flow: column; WIDTH: 50em; max-WIDTH: calc(100% - 64px - 1em); min-HEIGHT: calc(64px + 1em)">
    <div style="display: flex; flex-wrap: wrap; font-weight: bold; text-align: center; background: #011; color: #add">
      <div style="padding: .5em; flex: 2 14em; border: solid #47a; border-WIDTH: 0 0 1px 1px">피닉스</div>
      <div style="padding: .5em; flex: 1 7em; border: solid #47a; border-WIDTH: 0 0 1px 1px">원거리 암살자</div>
    </div>
    <div style="flex: 1; padding: .5em; text-align: left; color: #efe; border-left: 1px solid #47a; background: #134">
      <img style="WIDTH: 48px; margin: 0 .25em" src="http://i2.ruliweb.com/img/18/07/02/1645954600319dc2c.png" alt="고유 능력 - 보호막 축전기 (Shield Capacitor)" title="고유 능력 - 보호막 축전기 (Shield Capacitor)">
      <img style="WIDTH: 48px; margin: 0 .25em" src="http://i2.ruliweb.com/img/18/07/02/1645954582b19dc2c.png" alt="Q - 플라스마 절단기 (Plasma Cutter)" title="Q - 플라스마 절단기 (Plasma Cutter)">
      <img style="WIDTH: 48px; margin: 0 .25em" src="http://i3.ruliweb.com/img/18/07/02/1645954738019dc2c.png" alt="W - 무기 모드: 연발포 (Weapon Mode: Repeater Cannon)" title="W - 무기 모드: 연발포 (Weapon Mode: Repeater Cannon)">
      <img style="WIDTH: 48px; margin: 0 .25em" src="http://i2.ruliweb.com/img/18/07/02/16459546f9219dc2c.png" alt="W - 무기 모드: 위상 폭탄 (Weapon Mode: Phase Bomb)" title="W - 무기 모드: 위상 폭탄 (Weapon Mode: Phase Bomb)">
      <img style="WIDTH: 48px; margin: 0 .25em" src="http://i2.ruliweb.com/img/18/07/02/16459546bc719dc2c.png" alt="E - 차원이동 (Warp)" title="E - 차원이동 (Warp)">

    </div>
  </div>
</details>