<table style="WIDTH: 100%; border: 2px solid #8955dd; background-color: #1a0a33; color: #f2fee7;">
  <tr style="background-color: #170723">
    <td rowspan="2" style="padding: .5em; border: 1px solid #8955dd; WIDTH: 64px; vertical-align: top; background-color: #411980;">
      <img style="WIDTH: 100%" src="http://i2.ruliweb.com/img/18/07/02/164595f298219dc2c.png" alt="능력 강화 (W) - 광포한 야수 (Dire Beast)" title="능력 강화 (W) - 광포한 야수 (Dire Beast)">
    </td>
    <td style="padding: .5em; border: 1px solid #8955dd; text-align: center;">
      <b style="color: #eebbff">광포한 야수 (Dire Beast)</b>
    </td>
    <td style="padding: .5em; border: 1px solid #8955dd; text-align: center; WIDTH: 30%;">
      <b style="color: #eebbff">능력 강화 (W)</b>
    </td>
  </tr>
  <tr>
    <td colspan="2" style="padding: .5em; border: 1px solid #8955dd;">렉사르와 미샤가 일반 공격을 할 때마다 다음 미샤, 돌진!의 공격력이 40% 증가하여 최대 400% 증가합니다.</td>
  </tr>
  <tr>
    <td colspan="3" style="padding: .25em .5em; border: 1px solid #8955dd; text-align: right;">
      <i>패치 34.1</i>
    </td>
  </tr>
</table>